Reading authors from JSON files...

Found 25 unique authors:

  1. Aśok Prabhu, B. Nandan Sādhu
  2. Kālidās
  3. Śrī Chaitanya Mahāprabhu
  4. Śrī Gopāl Govinda Mahanta
  5. Śrī Satyavrat Muni
  6. Śrīla Bhakti Rakṣak Śrīdhar Dev-Goswāmī Mahārāj
  7. Śrīla Bhakti Sundar Govinda Dev-Goswāmī Mahārāj
  8. Śrīla Bhakti Vinod Ṭhākur
  9. Śrīla Bhaktisiddhānta Saraswatī Ṭhākur
 10. Śrīla Chandraśekhar Āchārya
 11. Śrīla Govinda Dās Kavirāj
 12. Śrīla Jagadānanda Paṇḍit
 13. Śrīla Jayadev Goswāmī
 14. Śrīla Kṛṣṇa Dās Kavirāj Goswāmī
 15. Śrīla Lochan Dās Ṭhākur
 16. Śrīla Narottam Dās Ṭhākur
 17. Śrīla Nayanānanda Dās
 18. Śrīla Premānanda Dās
 19. Śrīla Rūpa Goswāmī
 20. Śrīla Viśvanāth Chakravartī Ṭhākur
 21. Śrīla Vāsudeva Ghoṣ
 22. Śrīla Vṛndāvan Dās Ṭhākur
 23. Śrīla Śrīnivās Āchārya
 24. Śrīpād B. A. Paramahaṁsa Mahārāj
 25. Śrīpād Bhakti Ānanda Sāgar Mahārāj
